// Jest Snapshot v1, https://goo.gl/fbAQLP

exports[`CitiesContainerComponent should match snapshot 1`] = `
<app-cities-container
  cities$={[Function Store]}
  pageNumber$={[Function Store]}
  pageSize$={[Function Store]}
  pageSizeOptions={[Function Array]}
  store={[Function MockStore]}
  totalElements$={[Function Store]}
>
  <h1>
    Cities
  </h1><app-cities-table /><app-cities-paginator />
</app-cities-container>
`;
