// Jest Snapshot v1, https://goo.gl/fbAQLP

exports[`CitiesContainerComponent should match snapshot 1`] = `
<app-cities-container
  cities$={[Function Store]}
  pageSizeOptions={[Function Array]}
  store={[Function MockStore]}
>
  <header>
    <h1>
      Cities
    </h1>
  </header><section>
    
    
    
    
    <app-cities-table />
    
  </section>
</app-cities-container>
`;
