// Jest Snapshot v1, https://goo.gl/fbAQLP

exports[`CitiesTableComponent should match snapshot 1`] = `
<app-cities-table
  dataSource={[Function MatTableDataSource]}
  displayedColumns={[Function Array]}
  paginator={[Function MatPaginator]}
  sort={[Function MatSort]}
>
  <div
    class="wrapper mat-elevation-z8"
  >
    <section>
      <mat-form-field>
        <input
          matinput=""
          placeholder="Filter"
        />
      </mat-form-field>
    </section>
    <section>
      <table
        class="mat-table"
        mat-table=""
        matsort=""
        role="grid"
      >
        <thead
          role="rowgroup"
        >
          
          <tr
            class="mat-header-row"
            mat-header-row=""
            role="row"
          >
            
            <th
              class="mat-header-cell cdk-column-id mat-column-id"
              mat-header-cell=""
              mat-sort-header=""
              role="columnheader"
            >
              <div
                class="mat-sort-header-container"
              >
                <button
                  aria-label="Change sorting for id"
                  class="mat-sort-header-button"
                  type="button"
                >
                  Id
                </button>
                
                <div
                  class="mat-sort-header-arrow ng-trigger ng-trigger-arrowPosition"
                  style="transform:translateY(25%);opacity:0;0:transform;1:opacity;"
                >
                  <div
                    class="mat-sort-header-stem"
                  />
                  <div
                    class="mat-sort-header-indicator ng-trigger ng-trigger-indicator"
                    style="transform:translateY(0px);0:transform;"
                  >
                    <div
                      class="mat-sort-header-pointer-left ng-trigger ng-trigger-leftPointer"
                      style="transform:rotate(-45deg);0:transform;"
                    />
                    <div
                      class="mat-sort-header-pointer-right ng-trigger ng-trigger-rightPointer"
                      style="transform:rotate(45deg);0:transform;"
                    />
                    <div
                      class="mat-sort-header-pointer-middle"
                    />
                  </div>
                </div>
              </div>
            </th>
            <th
              class="mat-header-cell cdk-column-name mat-column-name"
              mat-header-cell=""
              mat-sort-header=""
              role="columnheader"
            >
              <div
                class="mat-sort-header-container"
              >
                <button
                  aria-label="Change sorting for name"
                  class="mat-sort-header-button"
                  type="button"
                >
                  Name
                </button>
                
                <div
                  class="mat-sort-header-arrow ng-trigger ng-trigger-arrowPosition"
                  style="transform:translateY(25%);opacity:0;0:transform;1:opacity;"
                >
                  <div
                    class="mat-sort-header-stem"
                  />
                  <div
                    class="mat-sort-header-indicator ng-trigger ng-trigger-indicator"
                    style="transform:translateY(0px);0:transform;"
                  >
                    <div
                      class="mat-sort-header-pointer-left ng-trigger ng-trigger-leftPointer"
                      style="transform:rotate(-45deg);0:transform;"
                    />
                    <div
                      class="mat-sort-header-pointer-right ng-trigger ng-trigger-rightPointer"
                      style="transform:rotate(45deg);0:transform;"
                    />
                    <div
                      class="mat-sort-header-pointer-middle"
                    />
                  </div>
                </div>
              </div>
            </th>
          </tr>
        </thead>
        <tbody
          role="rowgroup"
        >
          
          <tr
            class="mat-row"
            mat-row=""
            role="row"
          >
            
            <td
              class="mat-cell cdk-column-id mat-column-id"
              mat-cell=""
              role="gridcell"
            >
              317
            </td>
            <td
              class="mat-cell cdk-column-name mat-column-name"
              mat-cell=""
              role="gridcell"
            >
              Ahvaz
            </td>
          </tr>
          <tr
            class="mat-row"
            mat-row=""
            role="row"
          >
            
            <td
              class="mat-cell cdk-column-id mat-column-id"
              mat-cell=""
              role="gridcell"
            >
              87
            </td>
            <td
              class="mat-cell cdk-column-name mat-column-name"
              mat-cell=""
              role="gridcell"
            >
              Al-Jizah
            </td>
          </tr>
          <tr
            class="mat-row"
            mat-row=""
            role="row"
          >
            
            <td
              class="mat-cell cdk-column-id mat-column-id"
              mat-cell=""
              role="gridcell"
            >
              147
            </td>
            <td
              class="mat-cell cdk-column-name mat-column-name"
              mat-cell=""
              role="gridcell"
            >
              Al-Khartum Bahri
            </td>
          </tr>
          <tr
            class="mat-row"
            mat-row=""
            role="row"
          >
            
            <td
              class="mat-cell cdk-column-id mat-column-id"
              mat-cell=""
              role="gridcell"
            >
              227
            </td>
            <td
              class="mat-cell cdk-column-name mat-column-name"
              mat-cell=""
              role="gridcell"
            >
              Al-Madinah
            </td>
          </tr>
          <tr
            class="mat-row"
            mat-row=""
            role="row"
          >
            
            <td
              class="mat-cell cdk-column-id mat-column-id"
              mat-cell=""
              role="gridcell"
            >
              103
            </td>
            <td
              class="mat-cell cdk-column-name mat-column-name"
              mat-cell=""
              role="gridcell"
            >
              Aleppo
            </td>
          </tr>
          <tr
            class="mat-row"
            mat-row=""
            role="row"
          >
            
            <td
              class="mat-cell cdk-column-id mat-column-id"
              mat-cell=""
              role="gridcell"
            >
              47
            </td>
            <td
              class="mat-cell cdk-column-name mat-column-name"
              mat-cell=""
              role="gridcell"
            >
              Alexandria
            </td>
          </tr>
          <tr
            class="mat-row"
            mat-row=""
            role="row"
          >
            
            <td
              class="mat-cell cdk-column-id mat-column-id"
              mat-cell=""
              role="gridcell"
            >
              176
            </td>
            <td
              class="mat-cell cdk-column-name mat-column-name"
              mat-cell=""
              role="gridcell"
            >
              Algiers
            </td>
          </tr>
          <tr
            class="mat-row"
            mat-row=""
            role="row"
          >
            
            <td
              class="mat-cell cdk-column-id mat-column-id"
              mat-cell=""
              role="gridcell"
            >
              307
            </td>
            <td
              class="mat-cell cdk-column-name mat-column-name"
              mat-cell=""
              role="gridcell"
            >
              Allahabad
            </td>
          </tr>
          <tr
            class="mat-row"
            mat-row=""
            role="row"
          >
            
            <td
              class="mat-cell cdk-column-id mat-column-id"
              mat-cell=""
              role="gridcell"
            >
              302
            </td>
            <td
              class="mat-cell cdk-column-name mat-column-name"
              mat-cell=""
              role="gridcell"
            >
              Almaty
            </td>
          </tr>
          <tr
            class="mat-row"
            mat-row=""
            role="row"
          >
            
            <td
              class="mat-cell cdk-column-id mat-column-id"
              mat-cell=""
              role="gridcell"
            >
              260
            </td>
            <td
              class="mat-cell cdk-column-name mat-column-name"
              mat-cell=""
              role="gridcell"
            >
              Amman
            </td>
          </tr>
        </tbody>
        <tfoot
          class="mat-table-sticky"
          role="rowgroup"
          style="display: none; bottom: 0px; position: sticky; z-index: 10;"
        >
          
        </tfoot>
      </table>
    </section>
    <section>
      <mat-paginator
        class="mat-paginator"
        showfirstlastbuttons=""
      >
        <div
          class="mat-paginator-outer-container"
        >
          <div
            class="mat-paginator-container"
          >
            
            <div
              class="mat-paginator-page-size"
            >
              <div
                class="mat-paginator-page-size-label"
              >
                Items per page:
              </div>
              
              
              <div>
                50
              </div>
            </div>
            <div
              class="mat-paginator-range-actions"
            >
              <div
                class="mat-paginator-range-label"
              >
                0 of 0
              </div>
              
              <button
                aria-label="First page"
                class="mat-paginator-navigation-first mat-icon-button mat-button-base"
                disabled="true"
                mat-icon-button=""
                style="user-select: none; webkit-user-drag: none; -webkit-tap-highlight-color: rgba(0, 0, 0, 0);"
                type="button"
              >
                <span
                  class="mat-button-wrapper"
                >
                  <svg
                    class="mat-paginator-icon"
                    focusable="false"
                    viewBox="0 0 24 24"
                  >
                    <path
                      d="M18.41 16.59L13.82 12l4.59-4.59L17 6l-6 6 6 6zM6 6h2v12H6z"
                    />
                  </svg>
                </span>
                <div
                  class="mat-button-ripple mat-ripple mat-button-ripple-round"
                  matripple=""
                />
                <div
                  class="mat-button-focus-overlay"
                />
              </button>
              
              <button
                aria-label="Previous page"
                class="mat-paginator-navigation-previous mat-icon-button mat-button-base"
                disabled="true"
                mat-icon-button=""
                style="user-select: none; webkit-user-drag: none; -webkit-tap-highlight-color: rgba(0, 0, 0, 0);"
                type="button"
              >
                <span
                  class="mat-button-wrapper"
                >
                  <svg
                    class="mat-paginator-icon"
                    focusable="false"
                    viewBox="0 0 24 24"
                  >
                    <path
                      d="M15.41 7.41L14 6l-6 6 6 6 1.41-1.41L10.83 12z"
                    />
                  </svg>
                </span>
                <div
                  class="mat-button-ripple mat-ripple mat-button-ripple-round"
                  matripple=""
                />
                <div
                  class="mat-button-focus-overlay"
                />
              </button>
              <button
                aria-label="Next page"
                class="mat-paginator-navigation-next mat-icon-button mat-button-base"
                disabled="true"
                mat-icon-button=""
                style="user-select: none; webkit-user-drag: none; -webkit-tap-highlight-color: rgba(0, 0, 0, 0);"
                type="button"
              >
                <span
                  class="mat-button-wrapper"
                >
                  <svg
                    class="mat-paginator-icon"
                    focusable="false"
                    viewBox="0 0 24 24"
                  >
                    <path
                      d="M10 6L8.59 7.41 13.17 12l-4.58 4.59L10 18l6-6z"
                    />
                  </svg>
                </span>
                <div
                  class="mat-button-ripple mat-ripple mat-button-ripple-round"
                  matripple=""
                />
                <div
                  class="mat-button-focus-overlay"
                />
              </button>
              
              <button
                aria-label="Last page"
                class="mat-paginator-navigation-last mat-icon-button mat-button-base"
                disabled="true"
                mat-icon-button=""
                style="user-select: none; webkit-user-drag: none; -webkit-tap-highlight-color: rgba(0, 0, 0, 0);"
                type="button"
              >
                <span
                  class="mat-button-wrapper"
                >
                  <svg
                    class="mat-paginator-icon"
                    focusable="false"
                    viewBox="0 0 24 24"
                  >
                    <path
                      d="M5.59 7.41L10.18 12l-4.59 4.59L7 18l6-6-6-6zM16 6h2v12h-2z"
                    />
                  </svg>
                </span>
                <div
                  class="mat-button-ripple mat-ripple mat-button-ripple-round"
                  matripple=""
                />
                <div
                  class="mat-button-focus-overlay"
                />
              </button>
              
            </div>
          </div>
        </div>
      </mat-paginator>
    </section>
  </div>
</app-cities-table>
`;
