// Jest Snapshot v1, https://goo.gl/fbAQLP

exports[`HomeComponent should create 1`] = `
<app-home>
  <div
    class="home"
  >
    <img
      alt="Eurovision Services"
      class="home__logo"
      src="../../assets/logo.png"
    />
    <h1>
      Welcome to Eurovision Services Sandbox!
    </h1>
  </div>
</app-home>
`;
